nohup: ignoring input
162 cells, 100000 replicates, 52.6 core-hours
   32 workers:   98.6 min
  126 workers:   25.0 min
  128 workers:   24.6 min
162 cells, 0 already done, 162 to run, 126 workers
  [1/162] extension ceiling=5.05 gap=0.10 r= 2 n= 44 | naive=0.348 cond=0.378 paired=0.308 (109s)
  [2/162] extension ceiling=5.05 gap=0.10 r= 2 n= 20 | naive=0.210 cond=0.224 paired=0.227 (110s)
  [3/162] extension ceiling=5.05 gap=0.02 r= 2 n= 20 | naive=0.050 cond=0.064 paired=0.071 (113s)
  [4/162] extension ceiling=5.05 gap=0.15 r= 2 n= 20 | naive=0.358 cond=0.372 paired=0.335 (121s)
  [5/162] extension ceiling=5.05 gap=0.05 r= 2 n= 44 | naive=0.110 cond=0.118 paired=0.110 (128s)
  [6/162] extension ceiling=5.05 gap=0.02 r= 2 n= 44 | naive=0.076 cond=0.080 paired=0.088 (130s)
  [7/162] extension ceiling=5.05 gap=0.10 r= 3 n= 20 | naive=0.276 cond=0.294 paired=0.236 (131s)
  [8/162] main ceiling=5.05 gap=0.20 r= 2 n= 44 | naive=0.850 cond=0.862 paired=0.774 (133s)
  [9/162] extension ceiling=5.05 gap=0.15 r= 2 n= 44 | naive=0.640 cond=0.664 paired=0.568 (144s)
  [10/162] extension ceiling=5.05 gap=0.02 r= 3 n= 20 | naive=0.056 cond=0.056 paired=0.068 (151s)
  [11/162] extension ceiling=5.05 gap=0.05 r= 3 n= 20 | naive=0.090 cond=0.104 paired=0.104 (153s)
  [12/162] main ceiling=5.05 gap=0.45 r= 2 n= 44 | naive=0.998 cond=0.998 paired=0.994 (153s)
  [13/162] extension ceiling=5.05 gap=0.15 r= 3 n= 20 | naive=0.502 cond=0.536 paired=0.459 (155s)
  [14/162] main ceiling=3.20 gap=0.20 r= 2 n= 44 | naive=0.980 cond=0.990 paired=0.976 (156s)
  [15/162] extension ceiling=5.05 gap=0.02 r= 4 n= 20 | naive=0.060 cond=0.068 paired=0.064 (166s)
  [16/162] gradient ceiling=3.20 gap=0.05 r= 3 n= 20 | naive=0.112 cond=0.130 paired=0.112 (178s)
  [17/162] extension ceiling=5.05 gap=0.05 r= 2 n= 20 | naive=0.086 cond=0.102 paired=0.109 (185s)
  [18/162] extension ceiling=5.05 gap=0.10 r= 4 n= 20 | naive=0.370 cond=0.380 paired=0.282 (187s)
  [19/162] main ceiling=5.05 gap=0.20 r= 3 n= 44 | naive=0.970 cond=0.974 paired=0.920 (192s)
  [20/162] extension ceiling=5.05 gap=0.15 r= 3 n= 44 | naive=0.834 cond=0.840 paired=0.726 (192s)
  [21/162] extension ceiling=5.05 gap=0.10 r= 3 n= 44 | naive=0.494 cond=0.516 paired=0.450 (196s)
  [22/162] gradient ceiling=3.20 gap=0.15 r= 2 n= 20 | naive=0.562 cond=0.592 paired=0.516 (198s)
  [23/162] extension ceiling=5.05 gap=0.00 r= 2 n= 20 | naive=0.046 cond=0.050 paired=0.064 (201s)
  [24/162] main ceiling=3.20 gap=0.45 r= 2 n= 44 | naive=1.000 cond=1.000 paired=1.000 (203s)
  [25/162] extension ceiling=5.05 gap=0.05 r= 4 n= 20 | naive=0.144 cond=0.166 paired=0.108 (210s)
  [26/162] main ceiling=5.05 gap=0.45 r= 3 n= 44 | naive=1.000 cond=1.000 paired=1.000 (218s)
  [27/162] gradient ceiling=4.45 gap=0.02 r= 2 n= 20 | naive=0.064 cond=0.074 paired=0.064 (234s)
  [28/162] gradient ceiling=3.20 gap=0.10 r= 2 n= 20 | naive=0.224 cond=0.244 paired=0.198 (242s)
  [29/162] gradient ceiling=3.20 gap=0.15 r= 3 n= 20 | naive=0.742 cond=0.754 paired=0.664 (248s)
  [30/162] gradient ceiling=3.20 gap=0.15 r= 2 n= 44 | naive=0.862 cond=0.892 paired=0.834 (249s)
  [31/162] main ceiling=3.20 gap=0.20 r= 3 n= 44 | naive=1.000 cond=1.000 paired=0.998 (250s)
  [32/162] gradient ceiling=3.20 gap=0.10 r= 4 n= 20 | naive=0.492 cond=0.522 paired=0.414 (251s)
  [33/162] gradient ceiling=3.20 gap=0.02 r= 2 n= 20 | naive=0.060 cond=0.070 paired=0.068 (257s)
  [34/162] gradient ceiling=3.20 gap=0.05 r= 2 n= 44 | naive=0.168 cond=0.198 paired=0.154 (268s)
  [35/162] gradient ceiling=4.45 gap=0.02 r= 3 n= 20 | naive=0.068 cond=0.072 paired=0.042 (272s)
  [36/162] gradient ceiling=4.45 gap=0.02 r= 2 n= 44 | naive=0.064 cond=0.072 paired=0.064 (274s)
  [37/162] gradient ceiling=3.20 gap=0.02 r= 3 n= 44 | naive=0.064 cond=0.080 paired=0.068 (276s)
  [38/162] extension ceiling=5.05 gap=0.10 r= 6 n= 20 | naive=0.460 cond=0.476 paired=0.376 (277s)
  [39/162] main ceiling=5.05 gap=0.00 r= 2 n= 44 | naive=0.053 cond=0.058 paired=0.060 (280s)
  [40/162] extension ceiling=5.05 gap=0.00 r= 3 n= 20 | naive=0.048 cond=0.050 paired=0.060 (282s)
  [41/162] gradient ceiling=4.45 gap=0.00 r= 2 n= 20 | naive=0.049 cond=0.055 paired=0.054 (284s)
  [42/162] extension ceiling=5.05 gap=0.02 r= 6 n= 20 | naive=0.070 cond=0.078 paired=0.090 (286s)
  [43/162] gradient ceiling=3.20 gap=0.05 r= 2 n= 20 | naive=0.102 cond=0.114 paired=0.088 (299s)
  [44/162] gradient ceiling=3.20 gap=0.02 r= 2 n= 44 | naive=0.064 cond=0.072 paired=0.076 (304s)
  [45/162] gradient ceiling=3.20 gap=0.10 r= 3 n= 44 | naive=0.710 cond=0.736 paired=0.670 (304s)
  [46/162] extension ceiling=5.05 gap=0.02 r= 3 n= 44 | naive=0.054 cond=0.060 paired=0.052 (304s)
  [47/162] gradient ceiling=4.45 gap=0.05 r= 3 n= 20 | naive=0.118 cond=0.140 paired=0.122 (305s)
  [48/162] gradient ceiling=4.45 gap=0.10 r= 2 n= 20 | naive=0.260 cond=0.286 paired=0.226 (308s)
  [49/162] gradient ceiling=3.20 gap=0.02 r= 3 n= 20 | naive=0.048 cond=0.054 paired=0.044 (312s)
  [50/162] extension ceiling=5.05 gap=0.15 r= 4 n= 20 | naive=0.650 cond=0.666 paired=0.552 (312s)
  [51/162] gradient ceiling=4.45 gap=0.05 r= 2 n= 44 | naive=0.158 cond=0.168 paired=0.142 (316s)
  [52/162] main ceiling=5.05 gap=0.00 r= 3 n= 44 | naive=0.048 cond=0.054 paired=0.049 (321s)
  [53/162] gradient ceiling=3.20 gap=0.15 r= 3 n= 44 | naive=0.956 cond=0.972 paired=0.944 (322s)
  [54/162] main ceiling=3.20 gap=0.00 r= 2 n= 44 | naive=0.050 cond=0.061 paired=0.052 (329s)
  [55/162] extension ceiling=5.05 gap=0.00 r= 4 n= 20 | naive=0.060 cond=0.068 paired=0.061 (338s)
  [56/162] gradient ceiling=4.45 gap=0.10 r= 2 n= 44 | naive=0.496 cond=0.520 paired=0.464 (347s)
  [57/162] gradient ceiling=4.45 gap=0.02 r= 4 n= 20 | naive=0.054 cond=0.072 paired=0.062 (349s)
  [58/162] gradient ceiling=3.20 gap=0.00 r= 2 n= 44 | naive=0.050 cond=0.059 paired=0.051 (352s)
  [59/162] gradient ceiling=3.20 gap=0.10 r= 2 n= 44 | naive=0.542 cond=0.570 paired=0.502 (360s)
  [60/162] gradient ceiling=4.45 gap=0.15 r= 2 n= 20 | naive=0.516 cond=0.546 paired=0.460 (364s)
  [61/162] gradient ceiling=4.45 gap=0.10 r= 3 n= 20 | naive=0.362 cond=0.388 paired=0.326 (366s)
  [62/162] extension ceiling=5.05 gap=0.15 r= 6 n= 20 | naive=0.822 cond=0.840 paired=0.698 (367s)
  [63/162] extension ceiling=5.05 gap=0.00 r= 2 n= 44 | naive=0.053 cond=0.059 paired=0.060 (369s)
  [64/162] gradient ceiling=4.45 gap=0.05 r= 2 n= 20 | naive=0.078 cond=0.084 paired=0.080 (369s)
  [65/162] gradient ceiling=4.45 gap=0.02 r= 3 n= 44 | naive=0.084 cond=0.094 paired=0.078 (383s)
  [66/162] gradient ceiling=4.45 gap=0.00 r= 3 n= 20 | naive=0.045 cond=0.058 paired=0.047 (387s)
  [67/162] gradient ceiling=3.20 gap=0.05 r= 6 n= 20 | naive=0.198 cond=0.230 paired=0.190 (389s)
  [68/162] gradient ceiling=4.45 gap=0.15 r= 3 n= 20 | naive=0.654 cond=0.680 paired=0.618 (392s)
  [69/162] extension ceiling=5.05 gap=0.05 r= 3 n= 44 | naive=0.162 cond=0.184 paired=0.166 (397s)
  [70/162] gradient ceiling=4.45 gap=0.15 r= 2 n= 44 | naive=0.816 cond=0.836 paired=0.778 (399s)
  [71/162] gradient ceiling=3.20 gap=0.15 r= 6 n= 20 | naive=0.964 cond=0.968 paired=0.946 (404s)
  [72/162] gradient ceiling=3.20 gap=0.15 r= 4 n= 20 | naive=0.844 cond=0.868 paired=0.808 (423s)
  [73/162] gradient ceiling=4.45 gap=0.00 r= 2 n= 44 | naive=0.051 cond=0.056 paired=0.048 (423s)
  [74/162] gradient ceiling=3.20 gap=0.10 r= 3 n= 20 | naive=0.404 cond=0.440 paired=0.374 (430s)
  [75/162] gradient ceiling=4.45 gap=0.10 r= 4 n= 20 | naive=0.428 cond=0.464 paired=0.388 (432s)
  [76/162] gradient ceiling=3.20 gap=0.02 r= 6 n= 20 | naive=0.056 cond=0.072 paired=0.052 (435s)
  [77/162] gradient ceiling=4.45 gap=0.15 r= 4 n= 20 | naive=0.826 cond=0.842 paired=0.780 (464s)
  [78/162] gradient ceiling=3.20 gap=0.00 r= 3 n= 20 | naive=0.054 cond=0.062 paired=0.053 (469s)
  [79/162] gradient ceiling=4.45 gap=0.15 r= 3 n= 44 | naive=0.926 cond=0.940 paired=0.910 (470s)
  [80/162] extension ceiling=5.05 gap=0.05 r= 6 n= 20 | naive=0.158 cond=0.172 paired=0.148 (480s)
  [81/162] gradient ceiling=3.20 gap=0.05 r= 4 n= 20 | naive=0.182 cond=0.204 paired=0.166 (483s)
  [82/162] gradient ceiling=4.45 gap=0.05 r= 4 n= 20 | naive=0.136 cond=0.146 paired=0.114 (488s)
  [83/162] gradient ceiling=3.20 gap=0.05 r= 3 n= 44 | naive=0.246 cond=0.268 paired=0.218 (495s)
  [84/162] gradient ceiling=3.20 gap=0.00 r= 2 n= 20 | naive=0.044 cond=0.052 paired=0.052 (502s)
  [85/162] main ceiling=3.20 gap=0.00 r= 3 n= 44 | naive=0.043 cond=0.053 paired=0.050 (503s)
  [86/162] gradient ceiling=4.45 gap=0.02 r= 6 n= 20 | naive=0.068 cond=0.078 paired=0.070 (509s)
  [87/162] gradient ceiling=4.45 gap=0.10 r= 3 n= 44 | naive=0.660 cond=0.684 paired=0.630 (511s)
  [88/162] extension ceiling=5.05 gap=0.00 r= 6 n= 20 | naive=0.049 cond=0.052 paired=0.053 (519s)
  [89/162] gradient ceiling=3.20 gap=0.02 r= 4 n= 20 | naive=0.064 cond=0.082 paired=0.068 (520s)
  [90/162] gradient ceiling=4.45 gap=0.00 r= 3 n= 44 | naive=0.043 cond=0.056 paired=0.041 (525s)
  [91/162] extension ceiling=5.05 gap=0.00 r= 3 n= 44 | naive=0.048 cond=0.054 paired=0.054 (525s)
  [92/162] extension ceiling=5.05 gap=0.02 r= 4 n= 44 | naive=0.060 cond=0.068 paired=0.054 (529s)
  [93/162] gradient ceiling=4.45 gap=0.05 r= 6 n= 20 | naive=0.234 cond=0.260 paired=0.214 (552s)
  [94/162] gradient ceiling=4.45 gap=0.00 r= 4 n= 20 | naive=0.050 cond=0.055 paired=0.040 (579s)
  [95/162] gradient ceiling=3.20 gap=0.10 r= 6 n= 20 | naive=0.694 cond=0.718 paired=0.650 (586s)
  [96/162] gradient ceiling=3.20 gap=0.00 r= 4 n= 20 | naive=0.036 cond=0.045 paired=0.042 (588s)
  [97/162] extension ceiling=5.05 gap=0.15 r= 4 n= 44 | naive=0.922 cond=0.932 paired=0.890 (598s)
  [98/162] gradient ceiling=4.45 gap=0.15 r= 6 n= 20 | naive=0.914 cond=0.926 paired=0.866 (605s)
  [99/162] main ceiling=3.20 gap=0.45 r= 3 n= 44 | naive=1.000 cond=1.000 paired=1.000 (610s)
  [100/162] gradient ceiling=4.45 gap=0.10 r= 6 n= 20 | naive=0.632 cond=0.658 paired=0.560 (612s)
  [101/162] main ceiling=5.05 gap=0.45 r= 4 n= 44 | naive=1.000 cond=1.000 paired=1.000 (658s)
  [102/162] gradient ceiling=4.45 gap=0.05 r= 3 n= 44 | naive=0.214 cond=0.244 paired=0.198 (695s)
  [103/162] gradient ceiling=3.20 gap=0.00 r= 6 n= 20 | naive=0.041 cond=0.051 paired=0.046 (712s)
  [104/162] extension ceiling=5.05 gap=0.05 r= 4 n= 44 | naive=0.176 cond=0.192 paired=0.160 (733s)
  [105/162] gradient ceiling=4.45 gap=0.00 r= 6 n= 20 | naive=0.042 cond=0.055 paired=0.037 (744s)
  [106/162] gradient ceiling=3.20 gap=0.00 r= 3 n= 44 | naive=0.043 cond=0.056 paired=0.048 (754s)
  [107/162] extension ceiling=5.05 gap=0.10 r= 4 n= 44 | naive=0.638 cond=0.674 paired=0.564 (772s)
  [108/162] main ceiling=5.05 gap=0.20 r= 4 n= 44 | naive=0.998 cond=0.998 paired=0.988 (793s)
  [109/162] gradient ceiling=3.20 gap=0.15 r= 4 n= 44 | naive=0.992 cond=0.994 paired=0.988 (804s)
  [110/162] gradient ceiling=4.45 gap=0.02 r= 4 n= 44 | naive=0.062 cond=0.080 paired=0.058 (806s)
  [111/162] main ceiling=3.20 gap=0.45 r= 4 n= 44 | naive=1.000 cond=1.000 paired=1.000 (847s)
  [112/162] extension ceiling=5.05 gap=0.10 r= 6 n= 44 | naive=0.762 cond=0.780 paired=0.664 (881s)
  [113/162] gradient ceiling=3.20 gap=0.10 r= 4 n= 44 | naive=0.830 cond=0.852 paired=0.790 (889s)
  [114/162] gradient ceiling=3.20 gap=0.02 r= 4 n= 44 | naive=0.078 cond=0.094 paired=0.068 (893s)
  [115/162] main ceiling=3.20 gap=0.20 r= 4 n= 44 | naive=1.000 cond=1.000 paired=1.000 (904s)
  [116/162] gradient ceiling=3.20 gap=0.05 r= 4 n= 44 | naive=0.296 cond=0.328 paired=0.272 (948s)
  [117/162] gradient ceiling=4.45 gap=0.10 r= 4 n= 44 | naive=0.772 cond=0.784 paired=0.752 (986s)
  [118/162] main ceiling=5.05 gap=0.20 r= 6 n= 44 | naive=1.000 cond=1.000 paired=0.988 (1013s)
  [119/162] extension ceiling=5.05 gap=0.02 r= 6 n= 44 | naive=0.062 cond=0.068 paired=0.058 (1018s)
  [120/162] gradient ceiling=4.45 gap=0.05 r= 4 n= 44 | naive=0.242 cond=0.268 paired=0.244 (1057s)
  [121/162] main ceiling=5.05 gap=0.00 r= 4 n= 44 | naive=0.055 cond=0.064 paired=0.056 (1060s)
  [122/162] extension ceiling=5.05 gap=0.15 r= 6 n= 44 | naive=0.978 cond=0.980 paired=0.926 (1110s)
  [123/162] extension ceiling=5.05 gap=0.05 r= 6 n= 44 | naive=0.244 cond=0.266 paired=0.204 (1117s)
  [124/162] gradient ceiling=4.45 gap=0.15 r= 4 n= 44 | naive=0.992 cond=0.992 paired=0.984 (1137s)
  [125/162] gradient ceiling=3.20 gap=0.15 r= 6 n= 44 | naive=1.000 cond=1.000 paired=1.000 (1162s)
  [126/162] main ceiling=5.05 gap=0.45 r= 6 n= 44 | naive=1.000 cond=1.000 paired=1.000 (1170s)
  [127/162] extension ceiling=5.05 gap=0.00 r= 4 n= 44 | naive=0.049 cond=0.058 paired=0.055 (1174s)
  [128/162] main ceiling=3.20 gap=0.45 r= 6 n= 44 | naive=1.000 cond=1.000 paired=1.000 (1217s)
  [129/162] main ceiling=3.20 gap=0.20 r= 6 n= 44 | naive=1.000 cond=1.000 paired=1.000 (1285s)
  [130/162] main ceiling=3.20 gap=0.00 r= 4 n= 44 | naive=0.048 cond=0.053 paired=0.044 (1295s)
  [131/162] gradient ceiling=4.45 gap=0.05 r= 6 n= 44 | naive=0.364 cond=0.394 paired=0.352 (1303s)
  [132/162] gradient ceiling=4.45 gap=0.02 r= 6 n= 44 | naive=0.086 cond=0.106 paired=0.076 (1353s)
  [133/162] gradient ceiling=3.20 gap=0.00 r= 4 n= 44 | naive=0.042 cond=0.051 paired=0.034 (1466s)
  [134/162] gradient ceiling=4.45 gap=0.00 r= 4 n= 44 | naive=0.046 cond=0.054 paired=0.043 (1541s)
  [135/162] gradient ceiling=3.20 gap=0.02 r= 6 n= 44 | naive=0.090 cond=0.100 paired=0.092 (1576s)
  [136/162] gradient ceiling=4.45 gap=0.10 r= 6 n= 44 | naive=0.938 cond=0.952 paired=0.910 (1610s)
  [137/162] gradient ceiling=4.45 gap=0.15 r= 6 n= 44 | naive=1.000 cond=1.000 paired=1.000 (1628s)
  [138/162] gradient ceiling=3.20 gap=0.05 r= 6 n= 44 | naive=0.436 cond=0.472 paired=0.408 (1646s)
  [139/162] gradient ceiling=3.20 gap=0.10 r= 6 n= 44 | naive=0.956 cond=0.964 paired=0.940 (1758s)
  [140/162] extension ceiling=5.05 gap=0.00 r= 6 n= 44 | naive=0.041 cond=0.050 paired=0.043 (1966s)
  [141/162] gradient ceiling=4.45 gap=0.00 r= 6 n= 44 | naive=0.047 cond=0.055 paired=0.045 (2074s)
  [142/162] main ceiling=5.05 gap=0.00 r= 6 n= 44 | naive=0.051 cond=0.055 paired=0.047 (2123s)
  [143/162] gradient ceiling=3.20 gap=0.00 r= 6 n= 44 | naive=0.054 cond=0.064 paired=0.059 (2246s)
  [144/162] main ceiling=5.05 gap=0.45 r= 8 n= 44 | naive=1.000 cond=1.000 paired=1.000 (2371s)
  [145/162] main ceiling=5.05 gap=0.20 r= 8 n= 44 | naive=1.000 cond=1.000 paired=0.994 (2461s)
  [146/162] main ceiling=3.20 gap=0.20 r= 8 n= 44 | naive=1.000 cond=1.000 paired=1.000 (2696s)
  [147/162] main ceiling=3.20 gap=0.00 r= 6 n= 44 | naive=0.050 cond=0.054 paired=0.045 (2822s)
  [148/162] main ceiling=3.20 gap=0.45 r= 8 n= 44 | naive=1.000 cond=1.000 paired=1.000 (3008s)
  [149/162] main ceiling=5.05 gap=0.00 r= 8 n= 44 | naive=0.045 cond=0.050 paired=0.049 (3725s)
  [150/162] main ceiling=5.05 gap=0.20 r=12 n= 44 | naive=1.000 cond=1.000 paired=0.994 (5153s)
  [151/162] main ceiling=3.20 gap=0.00 r= 8 n= 44 | naive=0.054 cond=0.061 paired=0.054 (5420s)
  [152/162] main ceiling=5.05 gap=0.45 r=12 n= 44 | naive=1.000 cond=1.000 paired=1.000 (5494s)
  [153/162] main ceiling=3.20 gap=0.45 r=12 n= 44 | naive=1.000 cond=1.000 paired=1.000 (6825s)
  [154/162] main ceiling=3.20 gap=0.20 r=12 n= 44 | naive=1.000 cond=1.000 paired=1.000 (7752s)
  [155/162] main ceiling=5.05 gap=0.00 r=12 n= 44 | naive=0.044 cond=0.052 paired=0.048 (8494s)
  [156/162] main ceiling=5.05 gap=0.20 r=20 n= 44 | naive=1.000 cond=1.000 paired=0.996 (11041s)
  [157/162] main ceiling=3.20 gap=0.00 r=12 n= 44 | naive=0.043 cond=0.049 paired=0.038 (11745s)
  [158/162] main ceiling=5.05 gap=0.45 r=20 n= 44 | naive=1.000 cond=1.000 paired=0.998 (12848s)
  [159/162] main ceiling=3.20 gap=0.45 r=20 n= 44 | naive=1.000 cond=1.000 paired=1.000 (14732s)
  [160/162] main ceiling=3.20 gap=0.20 r=20 n= 44 | naive=1.000 cond=1.000 paired=1.000 (15477s)
  [161/162] main ceiling=5.05 gap=0.00 r=20 n= 44 | naive=0.035 cond=0.042 paired=0.054 (17111s)
  [162/162] main ceiling=3.20 gap=0.00 r=20 n= 44 | naive=0.041 cond=0.051 paired=0.043 (24352s)
